{
  "House": "the book club",
  "Category": "",
  "Near": "",
  "HouseNumber": "100-106",
  "Road": "leonard st",
  "Unit": "",
  "Level": "",
  "Staircase": "",
  "Entrance": "",
  "PoBox": "",
  "Postcode": "ec2a 4rh",
  "Suburb": "shoreditch",
  "CityDistrict": "",
  "City": "london",
  "Island": "",
  "StateDistrict": "",
  "State": "",
  "CountryRegion": "",
  "Country": "united kingdom",
  "WorldRegion": ""
}